Completed 227.3 KiB/227.3 KiB (311.3 KiB/s) with 1 file(s) remaining
upload: public\pictures\portfolio-content_spring2026\02_DESIGN\01_MARSHALLS\02_ECOMM\trending_shop_casestudy\header-evergreen-still.jpg to s3://portfolio2025-assets/assets/portfolio-content_spring2026/02_DESIGN/01_MARSHALLS/02_ECOMM/trending_shop_casestudy/header-evergreen-still.jpg
Completed 179.0 KiB/179.0 KiB (302.0 KiB/s) with 1 file(s) remaining
upload: public\pictures\portfolio-content_spring2026\02_DESIGN\01_MARSHALLS\02_ECOMM\trending_shop_casestudy\header-productimagery-still.jpg to s3://portfolio2025-assets/assets/portfolio-content_spring2026/02_DESIGN/01_MARSHALLS/02_ECOMM/trending_shop_casestudy/header-productimagery-still.jpg
Completed 491.6 KiB/491.6 KiB (982.9 KiB/s) with 1 file(s) remaining
upload: public\pictures\portfolio-content_spring2026\02_DESIGN\01_MARSHALLS\02_ECOMM\trending_shop_casestudy\header-seasonal-still.jpg to s3://portfolio2025-assets/assets/portfolio-content_spring2026/02_DESIGN/01_MARSHALLS/02_ECOMM/trending_shop_casestudy/header-seasonal-still.jpg
Completed 261.2 KiB/261.2 KiB (643.3 KiB/s) with 1 file(s) remaining
upload: public\pictures\portfolio-content_spring2026\02_DESIGN\01_MARSHALLS\02_ECOMM\trending_shop_casestudy\header-textonly-still.jpg to s3://portfolio2025-assets/assets/portfolio-content_spring2026/02_DESIGN/01_MARSHALLS/02_ECOMM/trending_shop_casestudy/header-textonly-still.jpg
Completed 606.8 KiB/606.8 KiB (1.4 MiB/s) with 1 file(s) remaining
upload: public\pictures\portfolio-content_spring2026\02_DESIGN\01_MARSHALLS\02_ECOMM\trending_shop_casestudy\landing-bespoke-still.jpg to s3://portfolio2025-assets/assets/portfolio-content_spring2026/02_DESIGN/01_MARSHALLS/02_ECOMM/trending_shop_casestudy/landing-bespoke-still.jpg
Completed 588.5 KiB/588.5 KiB (1.2 MiB/s) with 1 file(s) remaining
upload: public\pictures\portfolio-content_spring2026\02_DESIGN\01_MARSHALLS\02_ECOMM\trending_shop_casestudy\landing-largeimg-still.jpg to s3://portfolio2025-assets/assets/portfolio-content_spring2026/02_DESIGN/01_MARSHALLS/02_ECOMM/trending_shop_casestudy/landing-largeimg-still.jpg
Completed 140.5 KiB/140.5 KiB (214.8 KiB/s) with 1 file(s) remaining
upload: public\pictures\portfolio-content_spring2026\02_DESIGN\01_MARSHALLS\02_ECOMM\trending_shop_casestudy\landing-textonly-horizontal-still.jpg to s3://portfolio2025-assets/assets/portfolio-content_spring2026/02_DESIGN/01_MARSHALLS/02_ECOMM/trending_shop_casestudy/landing-textonly-horizontal-still.jpg
Completed 124.5 KiB/124.5 KiB (221.5 KiB/s) with 1 file(s) remaining
upload: public\pictures\portfolio-content_spring2026\02_DESIGN\01_MARSHALLS\02_ECOMM\trending_shop_casestudy\landing-textonly-vertical-still.jpg to s3://portfolio2025-assets/assets/portfolio-content_spring2026/02_DESIGN/01_MARSHALLS/02_ECOMM/trending_shop_casestudy/landing-textonly-vertical-still.jpg
Completed 1.0 MiB/4.0 MiB (2.4 MiB/s) with 1 file(s) remaining
Completed 2.0 MiB/4.0 MiB (3.2 MiB/s) with 1 file(s) remaining
Completed 3.0 MiB/4.0 MiB (4.5 MiB/s) with 1 file(s) remaining
Completed 4.0 MiB/4.0 MiB (5.6 MiB/s) with 1 file(s) remaining
upload: public\pictures\portfolio-content_spring2026\01_HOME\jump-v2.png to s3://portfolio2025-assets/assets/portfolio-content_spring2026/01_HOME/jump-v2.png
Completed 150.3 KiB/150.3 KiB (222.9 KiB/s) with 1 file(s) remaining
upload: public\pictures\portfolio-content_spring2026\02_DESIGN\01_MARSHALLS\02_ECOMM\trending_shop_casestudy\brief-competitive-matrix.png to s3://portfolio2025-assets/assets/portfolio-content_spring2026/02_DESIGN/01_MARSHALLS/02_ECOMM/trending_shop_casestudy/brief-competitive-matrix.png
Completed 190.7 KiB/190.7 KiB (314.6 KiB/s) with 1 file(s) remaining
upload: public\pictures\portfolio-content_spring2026\02_DESIGN\01_MARSHALLS\02_ECOMM\trending_shop_casestudy\brief-goals-summary.png to s3://portfolio2025-assets/assets/portfolio-content_spring2026/02_DESIGN/01_MARSHALLS/02_ECOMM/trending_shop_casestudy/brief-goals-summary.png
Completed 832.3 KiB/832.3 KiB (1.6 MiB/s) with 1 file(s) remaining
upload: public\pictures\portfolio-content_spring2026\02_DESIGN\01_MARSHALLS\02_ECOMM\trending_shop_casestudy\hero-live-1.png to s3://portfolio2025-assets/assets/portfolio-content_spring2026/02_DESIGN/01_MARSHALLS/02_ECOMM/trending_shop_casestudy/hero-live-1.png
Completed 30.0 KiB/30.0 KiB (57.2 KiB/s) with 1 file(s) remaining
upload: public\pictures\portfolio-content_spring2026\02_DESIGN\01_MARSHALLS\02_ECOMM\trending_shop_casestudy\hero-live-2.png to s3://portfolio2025-assets/assets/portfolio-content_spring2026/02_DESIGN/01_MARSHALLS/02_ECOMM/trending_shop_casestudy/hero-live-2.png
Completed 22.9 KiB/22.9 KiB (45.4 KiB/s) with 1 file(s) remaining
upload: public\pictures\portfolio-content_spring2026\02_DESIGN\01_MARSHALLS\02_ECOMM\trending_shop_casestudy\wordmark-logobox.png to s3://portfolio2025-assets/assets/portfolio-content_spring2026/02_DESIGN/01_MARSHALLS/02_ECOMM/trending_shop_casestudy/wordmark-logobox.png
Completed 318.1 KiB/318.1 KiB (717.0 KiB/s) with 1 file(s) remaining
upload: public\pictures\portfolio-content_spring2026\02_DESIGN\01_MARSHALLS\02_ECOMM\trending_shop_casestudy\header-evergreen-anim.gif to s3://portfolio2025-assets/assets/portfolio-content_spring2026/02_DESIGN/01_MARSHALLS/02_ECOMM/trending_shop_casestudy/header-evergreen-anim.gif
Completed 1.0 MiB/1.3 MiB (2.3 MiB/s) with 1 file(s) remaining
Completed 1.3 MiB/1.3 MiB (1.9 MiB/s) with 1 file(s) remaining
upload: public\pictures\portfolio-content_spring2026\02_DESIGN\01_MARSHALLS\02_ECOMM\trending_shop_casestudy\header-productimagery-anim.gif to s3://portfolio2025-assets/assets/portfolio-content_spring2026/02_DESIGN/01_MARSHALLS/02_ECOMM/trending_shop_casestudy/header-productimagery-anim.gif
Completed 460.8 KiB/460.8 KiB (1.1 MiB/s) with 1 file(s) remaining
upload: public\pictures\portfolio-content_spring2026\02_DESIGN\01_MARSHALLS\02_ECOMM\trending_shop_casestudy\header-seasonal-anim.gif to s3://portfolio2025-assets/assets/portfolio-content_spring2026/02_DESIGN/01_MARSHALLS/02_ECOMM/trending_shop_casestudy/header-seasonal-anim.gif
Completed 110.7 KiB/110.7 KiB (193.4 KiB/s) with 1 file(s) remaining
upload: public\pictures\portfolio-content_spring2026\02_DESIGN\01_MARSHALLS\02_ECOMM\trending_shop_casestudy\header-textonly-anim.gif to s3://portfolio2025-assets/assets/portfolio-content_spring2026/02_DESIGN/01_MARSHALLS/02_ECOMM/trending_shop_casestudy/header-textonly-anim.gif
Completed 318.6 KiB/318.6 KiB (740.4 KiB/s) with 1 file(s) remaining
upload: public\pictures\portfolio-content_spring2026\02_DESIGN\01_MARSHALLS\02_ECOMM\trending_shop_casestudy\landing-bespoke-anim.gif to s3://portfolio2025-assets/assets/portfolio-content_spring2026/02_DESIGN/01_MARSHALLS/02_ECOMM/trending_shop_casestudy/landing-bespoke-anim.gif
Completed 590.0 KiB/590.0 KiB (1.3 MiB/s) with 1 file(s) remaining
upload: public\pictures\portfolio-content_spring2026\02_DESIGN\01_MARSHALLS\02_ECOMM\trending_shop_casestudy\landing-largeimg-anim.gif to s3://portfolio2025-assets/assets/portfolio-content_spring2026/02_DESIGN/01_MARSHALLS/02_ECOMM/trending_shop_casestudy/landing-largeimg-anim.gif
Completed 63.6 KiB/63.6 KiB (120.4 KiB/s) with 1 file(s) remaining
upload: public\pictures\portfolio-content_spring2026\02_DESIGN\01_MARSHALLS\02_ECOMM\trending_shop_casestudy\landing-textonly-horizontal-anim.gif to s3://portfolio2025-assets/assets/portfolio-content_spring2026/02_DESIGN/01_MARSHALLS/02_ECOMM/trending_shop_casestudy/landing-textonly-horizontal-anim.gif
Completed 85.2 KiB/85.2 KiB (146.1 KiB/s) with 1 file(s) remaining
upload: public\pictures\portfolio-content_spring2026\02_DESIGN\01_MARSHALLS\02_ECOMM\trending_shop_casestudy\landing-textonly-vertical-anim.gif to s3://portfolio2025-assets/assets/portfolio-content_spring2026/02_DESIGN/01_MARSHALLS/02_ECOMM/trending_shop_casestudy/landing-textonly-vertical-anim.gif
Completed 63.9 KiB/63.9 KiB (126.0 KiB/s) with 1 file(s) remaining
upload: public\pictures\portfolio-content_spring2026\02_DESIGN\01_MARSHALLS\02_ECOMM\trending_shop_casestudy\wordmark-horizontal.gif to s3://portfolio2025-assets/assets/portfolio-content_spring2026/02_DESIGN/01_MARSHALLS/02_ECOMM/trending_shop_casestudy/wordmark-horizontal.gif
Completed 61.8 KiB/61.8 KiB (113.8 KiB/s) with 1 file(s) remaining
upload: public\pictures\portfolio-content_spring2026\02_DESIGN\01_MARSHALLS\02_ECOMM\trending_shop_casestudy\wordmark-vertical.gif to s3://portfolio2025-assets/assets/portfolio-content_spring2026/02_DESIGN/01_MARSHALLS/02_ECOMM/trending_shop_casestudy/wordmark-vertical.gif
2026-05-12 18:35:41    4193476 assets/portfolio-content_spring2026/01_HOME/jump-v2.png
2025-12-20 22:12:51     738166 assets/portfolio-content_spring2026/01_HOME/jump.png
2025-12-20 22:07:57    9062123 assets/portfolio-content_spring2026/02_DESIGN/01_MARSHALLS/01_RETAIL/OOH/billboard.jpg
2025-12-20 22:08:01    2683915 assets/portfolio-content_spring2026/02_DESIGN/01_MARSHALLS/01_RETAIL/OOH/busShelter.jpg
2025-12-20 22:08:03    8074118 assets/portfolio-content_spring2026/02_DESIGN/01_MARSHALLS/01_RETAIL/OOH/busShelter2.jpg
2025-12-20 22:08:07    8546807 assets/portfolio-content_spring2026/02_DESIGN/01_MARSHALLS/01_RETAIL/OOH/pencilBanner.jpg
2025-12-20 22:07:49     359310 assets/portfolio-content_spring2026/02_DESIGN/01_MARSHALLS/01_RETAIL/bilingual/MA-FY25_fallGO_stanchion_localLove-22x28_spanish.jpg
2025-12-20 22:07:51     960668 assets/portfolio-content_spring2026/02_DESIGN/01_MARSHALLS/01_RETAIL/bilingual/MA-FY25_springGO_closing_window-34x52_spanish.jpg
2025-12-20 22:07:53     768601 assets/portfolio-content_spring2026/02_DESIGN/01_MARSHALLS/01_RETAIL/bilingual/MA-FY25_springGO_closing_window-34x52_storeClosed1_spanish.jpg
2025-12-20 22:07:55     999263 assets/portfolio-content_spring2026/02_DESIGN/01_MARSHALLS/01_RETAIL/bilingual/MA-FY25_springGO_closing_window-34x52_storeClosed2_spanish.jpg
2025-12-20 22:08:11    2661733 assets/portfolio-content_spring2026/02_DESIGN/01_MARSHALLS/01_RETAIL/signage/pinpad_lightbox.jpg
2025-12-20 22:08:13    2992141 assets/portfolio-content_spring2026/02_DESIGN/01_MARSHALLS/01_RETAIL/signage/pinpad_thumbnail.jpg
2025-12-20 22:08:16    1827047 assets/portfolio-content_spring2026/02_DESIGN/01_MARSHALLS/01_RETAIL/signage/violator_lightbox.jpg
2025-12-20 22:08:18    2253687 assets/portfolio-content_spring2026/02_DESIGN/01_MARSHALLS/01_RETAIL/signage/violator_thumbnail.jpg
2025-12-20 22:08:20    5723276 assets/portfolio-content_spring2026/02_DESIGN/01_MARSHALLS/01_RETAIL/springGO/1.jpg
2025-12-20 22:08:23    1767619 assets/portfolio-content_spring2026/02_DESIGN/01_MARSHALLS/01_RETAIL/springGO/2.jpg
2025-12-20 22:08:26    1672391 assets/portfolio-content_spring2026/02_DESIGN/01_MARSHALLS/01_RETAIL/springGO/3.jpg
2025-12-20 22:13:13    1590981 assets/portfolio-content_spring2026/02_DESIGN/01_MARSHALLS/01_RETAIL/springGO/4.png
2025-12-20 22:08:30     397675 assets/portfolio-content_spring2026/02_DESIGN/01_MARSHALLS/01_RETAIL/storedesign_mockups/after_manhasset-1.jpg
2025-12-20 22:08:33     388912 assets/portfolio-content_spring2026/02_DESIGN/01_MARSHALLS/01_RETAIL/storedesign_mockups/after_manhasset-2.jpg
